// Jest Snapshot v1, https://goo.gl/fbAQLP

exports[`format only oot 1`] = `
"root
"
`;
